Archive member included to satisfy reference by file (symbol)

/home/ynghia/gcc-arm-none-eabi-10.3-2021.10-x86_64-linux/gcc-arm-none-eabi-10.3-2021.10/bin/../lib/gcc/arm-none-eabi/10.3.1/../../../../arm-none-eabi/lib/thumb/v7-m/nofp/libc.a(lib_a-errno.o)
                              build/lib/syscall.o (__errno)
/home/ynghia/gcc-arm-none-eabi-10.3-2021.10-x86_64-linux/gcc-arm-none-eabi-10.3-2021.10/bin/../lib/gcc/arm-none-eabi/10.3.1/../../../../arm-none-eabi/lib/thumb/v7-m/nofp/libc.a(lib_a-impure.o)
                              /home/ynghia/gcc-arm-none-eabi-10.3-2021.10-x86_64-linux/gcc-arm-none-eabi-10.3-2021.10/bin/../lib/gcc/arm-none-eabi/10.3.1/../../../../arm-none-eabi/lib/thumb/v7-m/nofp/libc.a(lib_a-errno.o) (_impure_ptr)

Discarded input sections

 .debug_frame   0x0000000000000000       0x20 /home/ynghia/gcc-arm-none-eabi-10.3-2021.10-x86_64-linux/gcc-arm-none-eabi-10.3-2021.10/bin/../lib/gcc/arm-none-eabi/10.3.1/../../../../arm-none-eabi/lib/thumb/v7-m/nofp/libc.a(lib_a-errno.o)
 .ARM.attributes
                0x0000000000000000       0x2d /home/ynghia/gcc-arm-none-eabi-10.3-2021.10-x86_64-linux/gcc-arm-none-eabi-10.3-2021.10/bin/../lib/gcc/arm-none-eabi/10.3.1/../../../../arm-none-eabi/lib/thumb/v7-m/nofp/libc.a(lib_a-errno.o)
 .ARM.attributes
                0x0000000000000000       0x2d /home/ynghia/gcc-arm-none-eabi-10.3-2021.10-x86_64-linux/gcc-arm-none-eabi-10.3-2021.10/bin/../lib/gcc/arm-none-eabi/10.3.1/../../../../arm-none-eabi/lib/thumb/v7-m/nofp/libc.a(lib_a-impure.o)

Memory Configuration

Name             Origin             Length             Attributes
RAM              0x0000000020000000 0x0000000000005000 xrw
FLASH            0x0000000008000000 0x0000000000010000 xr
*default*        0x0000000000000000 0xffffffffffffffff

Linker script and memory map

LOAD build/Startup/startup.o
LOAD build/src/main.o
LOAD build/lib/rcc.o
LOAD build/lib/gpio.o
LOAD build/lib/adc.o
LOAD build/lib/uart.o
LOAD build/lib/syscall.o
LOAD build/src/drivers/log_info.o
LOAD build/src/drivers/temp.o
                0x0000000020005000                _estack = (ORIGIN (RAM) + LENGTH (RAM))
                0x0000000000000200                _Min_Heap_Size = 0x200
                0x0000000000000400                _Min_Stack_Size = 0x400

.isr_vector     0x0000000008000000      0x130
                0x0000000008000000                . = ALIGN (0x4)
 *(.isr_vector)
 .isr_vector    0x0000000008000000      0x130 build/Startup/startup.o
                0x0000000008000000                vectors
                0x0000000008000130                . = ALIGN (0x4)

.text           0x0000000008000130      0x570
                0x0000000008000130                . = ALIGN (0x4)
 *(.text)
 .text          0x0000000008000130       0x64 build/Startup/startup.o
                0x0000000008000130                Reset_Handler
                0x000000000800018c                DMA1_Channel1_handle
                0x000000000800018c                SPI2_handle
                0x000000000800018c                TIM1_UP_handle
                0x000000000800018c                EXTI3_handle
                0x000000000800018c                TIM7_handle
                0x000000000800018c                TIM1_BRK_handle
                0x000000000800018c                ADC3_handle
                0x000000000800018c                USART3_handle
                0x000000000800018c                CAN_RX1_handle
                0x000000000800018c                RTCAlarm_handle
                0x000000000800018c                EXTI4_handle
                0x000000000800018c                PVD_handle
                0x000000000800018c                UART4_handle
                0x000000000800018c                FLASH_handle
                0x000000000800018c                DMA2_Channel2_handle
                0x000000000800018c                I2C1_ER_handle
                0x000000000800018c                DMA1_Channel5_handle
                0x000000000800018c                USART2_handle
                0x000000000800018c                EXTI2_handle
                0x000000000800018c                EXTI1_handle
                0x000000000800018c                TIM2_handle
                0x000000000800018c                DMA1_Channel6_handle
                0x000000000800018c                HardFault_handle
                0x000000000800018c                SysTick_handle
                0x000000000800018c                TIM1_TRG_COM_handle
                0x000000000800018c                USB_HP_CAN_TX_handle
                0x000000000800018c                CAN_SCE_handle
                0x000000000800018c                DMA2_Channel4_5_handle
                0x000000000800018c                FSMC_handle
                0x000000000800018c                EXTI15_10_handle
                0x000000000800018c                EXTI0_handle
                0x000000000800018c                USBWakeUp_handle
                0x000000000800018c                TIM6_handle
                0x000000000800018c                TIM5_handle
                0x000000000800018c                RTC_handle
                0x000000000800018c                TIM3_handle
                0x000000000800018c                EXTI9_5_handle
                0x000000000800018c                DMA2_Channel1_handle
                0x000000000800018c                TIM8_CC_handle
                0x000000000800018c                SPI1_handle
                0x000000000800018c                DMA1_Channel4_handle
                0x000000000800018c                I2C1_EV_handle
                0x000000000800018c                PendSV_handle
                0x000000000800018c                USART1_handle
                0x000000000800018c                Default_Handle
                0x000000000800018c                SDIO_handle
                0x000000000800018c                NMI_handle
                0x000000000800018c                UART5_handle
                0x000000000800018c                TIM1_CC_handle
                0x000000000800018c                BusFault_handle
                0x000000000800018c                SVCall_handle
                0x000000000800018c                DMA1_Channel3_handle
                0x000000000800018c                WWDG_handle
                0x000000000800018c                MemManage_handle
                0x000000000800018c                TIM8_UP_handle
                0x000000000800018c                DMA1_Channel2_handle
                0x000000000800018c                RCC_handle
                0x000000000800018c                TIM8_TRG_COM_handle
                0x000000000800018c                Debug_Monitor_handle
                0x000000000800018c                UsageFault_handle
                0x000000000800018c                DMA1_Channel7_handle
                0x000000000800018c                I2C2_EV_handle
                0x000000000800018c                TAMPER_handle
                0x000000000800018c                TIM8_BRK_handle
                0x000000000800018c                ADC1_2_handle
                0x000000000800018c                DMA2_Channel3_handle
                0x000000000800018c                TIM4_handle
                0x000000000800018c                SPI3_handle
                0x000000000800018c                I2C2_ER_handle
                0x000000000800018c                USB_LP_CAN_RX0_handle
 .text          0x0000000008000194       0x70 build/src/main.o
                0x0000000008000194                main
 .text          0x0000000008000204       0x1c build/lib/rcc.o
                0x0000000008000204                enable_clock
 .text          0x0000000008000220      0x142 build/lib/gpio.o
                0x0000000008000220                GPIO_Config
                0x00000000080002e2                gpio_set_level
                0x0000000008000314                gpio_get_level
                0x000000000800033c                gpio_toggle_level
 *fill*         0x0000000008000362        0x2 
 .text          0x0000000008000364       0xa8 build/lib/adc.o
                0x0000000008000364                init_adc
                0x00000000080003c8                start_adc
 .text          0x000000000800040c        0x0 build/lib/uart.o
 .text          0x000000000800040c      0x25c build/lib/syscall.o
                0x000000000800040c                initialise_monitor_handles
                0x0000000008000418                _getpid
                0x0000000008000426                _kill
                0x0000000008000446                _exit
                0x000000000800045a                _read
                0x0000000008000494                _write
                0x00000000080004cc                _close
                0x00000000080004e2                _fstat
                0x0000000008000500                _isatty
                0x0000000008000514                _lseek
                0x000000000800052c                _open
                0x0000000008000546                _wait
                0x0000000008000564                _unlink
                0x0000000008000582                _times
                0x0000000008000598                _stat
                0x00000000080005b6                _link
                0x00000000080005d6                _fork
                0x00000000080005ec                _execve
                0x000000000800060e                _sbrk
 .text          0x0000000008000668       0x2c build/src/drivers/log_info.o
                0x0000000008000668                log_info
 .text          0x0000000008000694        0x0 build/src/drivers/temp.o
 .text          0x0000000008000694        0x0 /home/ynghia/gcc-arm-none-eabi-10.3-2021.10-x86_64-linux/gcc-arm-none-eabi-10.3-2021.10/bin/../lib/gcc/arm-none-eabi/10.3.1/../../../../arm-none-eabi/lib/thumb/v7-m/nofp/libc.a(lib_a-errno.o)
 .text          0x0000000008000694        0x0 /home/ynghia/gcc-arm-none-eabi-10.3-2021.10-x86_64-linux/gcc-arm-none-eabi-10.3-2021.10/bin/../lib/gcc/arm-none-eabi/10.3.1/../../../../arm-none-eabi/lib/thumb/v7-m/nofp/libc.a(lib_a-impure.o)
 *(.text*)
 .text.__errno  0x0000000008000694        0xc /home/ynghia/gcc-arm-none-eabi-10.3-2021.10-x86_64-linux/gcc-arm-none-eabi-10.3-2021.10/bin/../lib/gcc/arm-none-eabi/10.3.1/../../../../arm-none-eabi/lib/thumb/v7-m/nofp/libc.a(lib_a-errno.o)
                0x0000000008000694                __errno
 *(.glue_7)
 .glue_7        0x00000000080006a0        0x0 linker stubs
 *(.glue_7t)
 .glue_7t       0x00000000080006a0        0x0 linker stubs
 *(.eh_frame)
 *(.init)
 *(.fini)
                0x00000000080006a0                . = ALIGN (0x4)
                0x00000000080006a0                _etext = .

.vfp11_veneer   0x00000000080006a0        0x0
 .vfp11_veneer  0x00000000080006a0        0x0 linker stubs

.v4_bx          0x00000000080006a0        0x0
 .v4_bx         0x00000000080006a0        0x0 linker stubs

.iplt           0x00000000080006a0        0x0
 .iplt          0x00000000080006a0        0x0 build/Startup/startup.o

.rodata         0x00000000080006a0       0x10
                0x00000000080006a0                . = ALIGN (0x4)
 *(.rodata)
 .rodata        0x00000000080006a0        0xc build/src/main.o
 *(.rodata*)
 .rodata._global_impure_ptr
                0x00000000080006ac        0x4 /home/ynghia/gcc-arm-none-eabi-10.3-2021.10-x86_64-linux/gcc-arm-none-eabi-10.3-2021.10/bin/../lib/gcc/arm-none-eabi/10.3.1/../../../../arm-none-eabi/lib/thumb/v7-m/nofp/libc.a(lib_a-impure.o)
                0x00000000080006ac                _global_impure_ptr
                0x00000000080006b0                . = ALIGN (0x4)

.rel.dyn        0x00000000080006b0        0x0
 .rel.iplt      0x00000000080006b0        0x0 build/Startup/startup.o

.ARM.extab      0x00000000080006b0        0x0
                0x00000000080006b0                . = ALIGN (0x4)
 *(.ARM.extab* .gnu.linkonce.armextab.*)
                0x00000000080006b0                . = ALIGN (0x4)

.ARM            0x00000000080006b0        0x0
                0x00000000080006b0                . = ALIGN (0x4)
                0x00000000080006b0                __exidx_start = .
 *(.ARM.exidx*)
                0x00000000080006b0                __exidx_end = .
                0x00000000080006b0                . = ALIGN (0x4)

.preinit_array  0x00000000080006b0        0x0
                0x00000000080006b0                . = ALIGN (0x4)
                [!provide]                        PROVIDE (__preinit_array_start = .)
 *(.preinit_array*)
                [!provide]                        PROVIDE (__preinit_array_end = .)
                0x00000000080006b0                . = ALIGN (0x4)

.init_array     0x00000000080006b0        0x0
                0x00000000080006b0                . = ALIGN (0x4)
                [!provide]                        PROVIDE (__init_array_start = .)
 *(SORT_BY_NAME(.init_array.*))
 *(.init_array*)
                [!provide]                        PROVIDE (__init_array_end = .)
                0x00000000080006b0                . = ALIGN (0x4)

.fini_array     0x00000000080006b0        0x0
                0x00000000080006b0                . = ALIGN (0x4)
                [!provide]                        PROVIDE (__fini_array_start = .)
 *(SORT_BY_NAME(.fini_array.*))
 *(.fini_array*)
                [!provide]                        PROVIDE (__fini_array_end = .)
                0x00000000080006b0                . = ALIGN (0x4)
                0x00000000080006b0                _sidata = LOADADDR (.data)

.data           0x0000000020000000      0x430 load address 0x00000000080006b0
                0x0000000020000000                . = ALIGN (0x4)
                0x0000000020000000                _sdata = .
 *(.data)
 .data          0x0000000020000000        0x0 build/Startup/startup.o
 .data          0x0000000020000000        0x0 build/src/main.o
 .data          0x0000000020000000        0x0 build/lib/rcc.o
 .data          0x0000000020000000        0x0 build/lib/gpio.o
 .data          0x0000000020000000        0x0 build/lib/adc.o
 .data          0x0000000020000000        0x0 build/lib/uart.o
 .data          0x0000000020000000        0x4 build/lib/syscall.o
                0x0000000020000000                environ
 .data          0x0000000020000004        0x0 build/src/drivers/log_info.o
 .data          0x0000000020000004        0x0 build/src/drivers/temp.o
 .data          0x0000000020000004        0x0 /home/ynghia/gcc-arm-none-eabi-10.3-2021.10-x86_64-linux/gcc-arm-none-eabi-10.3-2021.10/bin/../lib/gcc/arm-none-eabi/10.3.1/../../../../arm-none-eabi/lib/thumb/v7-m/nofp/libc.a(lib_a-errno.o)
 .data          0x0000000020000004        0x0 /home/ynghia/gcc-arm-none-eabi-10.3-2021.10-x86_64-linux/gcc-arm-none-eabi-10.3-2021.10/bin/../lib/gcc/arm-none-eabi/10.3.1/../../../../arm-none-eabi/lib/thumb/v7-m/nofp/libc.a(lib_a-impure.o)
 *(.data*)
 .data._impure_ptr
                0x0000000020000004        0x4 /home/ynghia/gcc-arm-none-eabi-10.3-2021.10-x86_64-linux/gcc-arm-none-eabi-10.3-2021.10/bin/../lib/gcc/arm-none-eabi/10.3.1/../../../../arm-none-eabi/lib/thumb/v7-m/nofp/libc.a(lib_a-impure.o)
                0x0000000020000004                _impure_ptr
 .data.impure_data
                0x0000000020000008      0x428 /home/ynghia/gcc-arm-none-eabi-10.3-2021.10-x86_64-linux/gcc-arm-none-eabi-10.3-2021.10/bin/../lib/gcc/arm-none-eabi/10.3.1/../../../../arm-none-eabi/lib/thumb/v7-m/nofp/libc.a(lib_a-impure.o)
 *(.RamFunc)
 *(.RamFunc*)
                0x0000000020000430                . = ALIGN (0x4)
                0x0000000020000430                _edata = .

.igot.plt       0x0000000020000430        0x0 load address 0x0000000008000ae0
 .igot.plt      0x0000000020000430        0x0 build/Startup/startup.o
                0x0000000020000430                . = ALIGN (0x4)

.bss            0x0000000020000430        0x8 load address 0x0000000008000ae0
                0x0000000020000430                _sbss = .
                0x0000000020000430                __bss_start__ = _sbss
 *(.bss)
 .bss           0x0000000020000430        0x0 build/Startup/startup.o
 .bss           0x0000000020000430        0x0 build/src/main.o
 .bss           0x0000000020000430        0x0 build/lib/rcc.o
 .bss           0x0000000020000430        0x0 build/lib/gpio.o
 .bss           0x0000000020000430        0x0 build/lib/adc.o
 .bss           0x0000000020000430        0x0 build/lib/uart.o
 .bss           0x0000000020000430        0x8 build/lib/syscall.o
                0x0000000020000430                __env
 .bss           0x0000000020000438        0x0 build/src/drivers/log_info.o
 .bss           0x0000000020000438        0x0 build/src/drivers/temp.o
 .bss           0x0000000020000438        0x0 /home/ynghia/gcc-arm-none-eabi-10.3-2021.10-x86_64-linux/gcc-arm-none-eabi-10.3-2021.10/bin/../lib/gcc/arm-none-eabi/10.3.1/../../../../arm-none-eabi/lib/thumb/v7-m/nofp/libc.a(lib_a-errno.o)
 .bss           0x0000000020000438        0x0 /home/ynghia/gcc-arm-none-eabi-10.3-2021.10-x86_64-linux/gcc-arm-none-eabi-10.3-2021.10/bin/../lib/gcc/arm-none-eabi/10.3.1/../../../../arm-none-eabi/lib/thumb/v7-m/nofp/libc.a(lib_a-impure.o)
 *(.bss*)
 *(COMMON)
                0x0000000020000438                . = ALIGN (0x4)
                0x0000000020000438                _ebss = .
                0x0000000020000438                __bss_end__ = _ebss

._user_heap_stack
                0x0000000020000438      0x600 load address 0x0000000008000ae0
                0x0000000020000438                . = ALIGN (0x8)
                0x0000000020000438                PROVIDE (end = .)
                [!provide]                        PROVIDE (_end = .)
                0x0000000020000638                . = (. + _Min_Heap_Size)
 *fill*         0x0000000020000438      0x200 
                0x0000000020000a38                . = (. + _Min_Stack_Size)
 *fill*         0x0000000020000638      0x400 
                0x0000000020000a38                . = ALIGN (0x8)

/DISCARD/
 libc.a(*)
 libm.a(*)
 libgcc.a(*)

.ARM.attributes
                0x0000000000000000       0x2d
 *(.ARM.attributes)
 .ARM.attributes
                0x0000000000000000       0x2d build/Startup/startup.o
 .ARM.attributes
                0x000000000000002d       0x2d build/src/main.o
 .ARM.attributes
                0x000000000000005a       0x2d build/lib/rcc.o
 .ARM.attributes
                0x0000000000000087       0x2d build/lib/gpio.o
 .ARM.attributes
                0x00000000000000b4       0x2d build/lib/adc.o
 .ARM.attributes
                0x00000000000000e1       0x2d build/lib/uart.o
 .ARM.attributes
                0x000000000000010e       0x2d build/lib/syscall.o
 .ARM.attributes
                0x000000000000013b       0x2d build/src/drivers/log_info.o
 .ARM.attributes
                0x0000000000000168       0x2d build/src/drivers/temp.o
OUTPUT(build/firmware.elf elf32-littlearm)
LOAD linker stubs
LOAD /home/ynghia/gcc-arm-none-eabi-10.3-2021.10-x86_64-linux/gcc-arm-none-eabi-10.3-2021.10/bin/../lib/gcc/arm-none-eabi/10.3.1/../../../../arm-none-eabi/lib/thumb/v7-m/nofp/libc.a
LOAD /home/ynghia/gcc-arm-none-eabi-10.3-2021.10-x86_64-linux/gcc-arm-none-eabi-10.3-2021.10/bin/../lib/gcc/arm-none-eabi/10.3.1/../../../../arm-none-eabi/lib/thumb/v7-m/nofp/libm.a
LOAD /home/ynghia/gcc-arm-none-eabi-10.3-2021.10-x86_64-linux/gcc-arm-none-eabi-10.3-2021.10/bin/../lib/gcc/arm-none-eabi/10.3.1/thumb/v7-m/nofp/libgcc.a

.comment        0x0000000000000000       0x49
 .comment       0x0000000000000000       0x49 build/Startup/startup.o
                                         0x4a (size before relaxing)
 .comment       0x0000000000000049       0x4a build/src/main.o
 .comment       0x0000000000000049       0x4a build/lib/rcc.o
 .comment       0x0000000000000049       0x4a build/lib/gpio.o
 .comment       0x0000000000000049       0x4a build/lib/adc.o
 .comment       0x0000000000000049       0x4a build/lib/uart.o
 .comment       0x0000000000000049       0x4a build/lib/syscall.o
 .comment       0x0000000000000049       0x4a build/src/drivers/log_info.o
 .comment       0x0000000000000049       0x4a build/src/drivers/temp.o
